Loading weights:   0%|          | 0/310 [00:00<?, ?it/s]Loading weights:   0%|          | 1/310 [00:00<00:34,  8.89it/s]Loading weights:  35%|███▍      | 108/310 [00:00<00:00, 291.13it/s]Loading weights:  42%|████▏     | 130/310 [00:00<00:00, 262.87it/s]Loading weights:  49%|████▊     | 151/310 [00:00<00:00, 224.61it/s]Loading weights:  79%|███████▉  | 245/310 [00:00<00:00, 404.52it/s]Loading weights:  96%|█████████▌| 298/310 [00:00<00:00, 426.56it/s]Loading weights: 100%|██████████| 310/310 [00:00<00:00, 345.48it/s]
  8/1024  (18s)
  16/1024  (42s)
  24/1024  (61s)
  32/1024  (81s)
  40/1024  (100s)
  48/1024  (119s)
  56/1024  (138s)
  64/1024  (158s)
  72/1024  (177s)
  80/1024  (196s)
  88/1024  (216s)
  96/1024  (236s)
  104/1024  (256s)
  112/1024  (275s)
  120/1024  (294s)
  128/1024  (313s)
  136/1024  (332s)
  144/1024  (352s)
  152/1024  (371s)
  160/1024  (391s)
  168/1024  (411s)
  176/1024  (431s)
  184/1024  (451s)
  192/1024  (470s)
  200/1024  (489s)
  208/1024  (509s)
  216/1024  (529s)
  224/1024  (549s)
  232/1024  (568s)
  240/1024  (589s)
  248/1024  (609s)
  256/1024  (628s)
  264/1024  (648s)
  272/1024  (667s)
  280/1024  (686s)
  288/1024  (707s)
  296/1024  (726s)
  304/1024  (746s)
  312/1024  (766s)
  320/1024  (787s)
  328/1024  (807s)
  336/1024  (826s)
  344/1024  (846s)
  352/1024  (866s)
  360/1024  (886s)
  368/1024  (908s)
  376/1024  (930s)
  384/1024  (950s)
  392/1024  (970s)
  400/1024  (989s)
  408/1024  (1009s)
  416/1024  (1029s)
  424/1024  (1049s)
  432/1024  (1069s)
  440/1024  (1089s)
  448/1024  (1108s)
  456/1024  (1129s)
  464/1024  (1150s)
  472/1024  (1169s)
  480/1024  (1189s)
  488/1024  (1209s)
  496/1024  (1228s)
  504/1024  (1248s)
  512/1024  (1270s)
  520/1024  (1289s)
  528/1024  (1309s)
  536/1024  (1328s)
  544/1024  (1348s)
  552/1024  (1368s)
  560/1024  (1387s)
  568/1024  (1407s)
  576/1024  (1427s)
  584/1024  (1448s)
  592/1024  (1467s)
  600/1024  (1488s)
  608/1024  (1508s)
  616/1024  (1529s)
  624/1024  (1549s)
  632/1024  (1568s)
  640/1024  (1587s)
  648/1024  (1607s)
  656/1024  (1626s)
  664/1024  (1646s)
  672/1024  (1665s)
  680/1024  (1685s)
  688/1024  (1704s)
  696/1024  (1724s)
  704/1024  (1744s)
  712/1024  (1764s)
  720/1024  (1784s)
  728/1024  (1804s)
  736/1024  (1824s)
  744/1024  (1845s)
  752/1024  (1865s)
  760/1024  (1887s)
  768/1024  (1907s)
  776/1024  (1927s)
  784/1024  (1947s)
  792/1024  (1968s)
  800/1024  (1991s)
  808/1024  (2013s)
  816/1024  (2033s)
  824/1024  (2053s)
  832/1024  (2074s)
  840/1024  (2093s)
  848/1024  (2113s)
  856/1024  (2134s)
  864/1024  (2155s)
  872/1024  (2175s)
  880/1024  (2195s)
  888/1024  (2216s)
  896/1024  (2237s)
  904/1024  (2257s)
  912/1024  (2277s)
  920/1024  (2297s)
  928/1024  (2318s)
  936/1024  (2341s)
  944/1024  (2362s)
  952/1024  (2382s)
  960/1024  (2402s)
  968/1024  (2423s)
  976/1024  (2445s)
  984/1024  (2466s)
  992/1024  (2486s)
  1000/1024  (2507s)
  1008/1024  (2528s)
  1016/1024  (2550s)
  1024/1024  (2572s)

features: (1024, 3072)

concatenated (all 3 layers): dim=3072  n=1024
  effective rank (participation ratio) = 106.08   (isotropic would be min(n-1,dim)=1023)
  top-1 eigenvalue explains 5.8% of variance
  top-5  16.0%   top-10 23.0%   top-50 46.8%

layer block 0 (transformer layer 6): dim=1024  n=1024
  effective rank (participation ratio) = 90.73   (isotropic would be min(n-1,dim)=1023)
  top-1 eigenvalue explains 5.1% of variance
  top-5  17.5%   top-10 25.7%   top-50 53.4%

layer block 1 (transformer layer 13): dim=1024  n=1024
  effective rank (participation ratio) = 90.45   (isotropic would be min(n-1,dim)=1023)
  top-1 eigenvalue explains 6.6% of variance
  top-5  17.2%   top-10 24.5%   top-50 50.1%

layer block 2 (transformer layer 20): dim=1024  n=1024
  effective rank (participation ratio) = 98.77   (isotropic would be min(n-1,dim)=1023)
  top-1 eigenvalue explains 6.4% of variance
  top-5  16.6%   top-10 23.5%   top-50 47.2%

mean cosine between two DIFFERENT real continuations = 0.4090 (sd 0.0940)
-> near 1.0 means the space cannot separate distinct real texts, let alone similar rollouts.
